src/components/illustrations/MedicalIllustration.tsx(1,1): error TS6133: 'React' is declared but its value is never read.
src/components/layout/BottomNav.tsx(1,1): error TS6133: 'React' is declared but its value is never read.
src/components/ui/EmptyState.tsx(1,1): error TS6133: 'React' is declared but its value is never read.
src/components/ui/TimeSlotPicker.tsx(1,1): error TS6133: 'React' is declared but its value is never read.
src/context/AuthContext.tsx(1,8): error TS6133: 'React' is declared but its value is never read.
src/context/AuthContext.tsx(2,40): error TS6133: 'AuthUser' is declared but its value is never read.
src/hooks/useAgoraClient.ts(7,29): error TS2339: Property 'env' does not exist on type 'ImportMeta'.
src/index.tsx(2,1): error TS6133: 'React' is declared but its value is never read.
src/pages/AboutAppScreen.tsx(1,1): error TS6133: 'React' is declared but its value is never read.
src/pages/AdminDashboard.tsx(5,3): error TS6133: 'Users' is declared but its value is never read.
src/pages/AdminDashboard.tsx(6,3): error TS6133: 'UserPlus' is declared but its value is never read.
src/pages/AdminDashboard.tsx(8,3): error TS6133: 'DollarSign' is declared but its value is never read.
src/pages/AdminDashboard.tsx(9,3): error TS6133: 'AlertCircle' is declared but its value is never read.
src/pages/AdminDashboard.tsx(72,9): error TS6133: 'adminId' is declared but its value is never read.
src/pages/AppointmentBooking.tsx(3,42): error TS6133: 'Clock' is declared but its value is never read.
src/pages/AppointmentBooking.tsx(81,13): error TS6133: 'available' is declared but its value is never read.
src/pages/AppointmentBooking.tsx(242,7): error TS2322: Type '{ children: Element; title: string; showBack: true; onBackClick: () => void; className: string; }' is not assignable to type 'IntrinsicAttributes & ScreenContainerProps'.
  Property 'onBackClick' does not exist on type 'IntrinsicAttributes & ScreenContainerProps'.
src/pages/BookingConfirmation.tsx(1,1): error TS6133: 'React' is declared but its value is never read.
src/pages/BookingConfirmation.tsx(14,5): error TS6133: 'appointment_id' is declared but its value is never read.
src/pages/BookingConfirmation.tsx(43,43): error TS2322: Type '{ children: Element; className: string; noScroll: true; }' is not assignable to type 'IntrinsicAttributes & ScreenContainerProps'.
  Property 'noScroll' does not exist on type 'IntrinsicAttributes & ScreenContainerProps'.
src/pages/ConsultationScreen.tsx(1,8): error TS6133: 'React' is declared but its value is never read.
src/pages/ConsultationScreen.tsx(23,9): error TS6133: 'patientId' is declared but its value is never read.
src/pages/ConsultationScreen.tsx(26,9): error TS6133: 'role' is declared but its value is never read.
src/pages/ConsultationScreen.tsx(36,9): error TS6133: 'apptId' is declared but its value is never read.
src/pages/ConsultationScreen.tsx(58,22): error TS2322: Type '{ children: Element[]; noScroll: true; className: string; }' is not assignable to type 'IntrinsicAttributes & ScreenContainerProps'.
  Property 'noScroll' does not exist on type 'IntrinsicAttributes & ScreenContainerProps'.
src/pages/DataPolicyScreen.tsx(1,1): error TS6133: 'React' is declared but its value is never read.
src/pages/DoctorAppointmentsScreen.tsx(11,34): error TS2304: Cannot find name 'useAuth'.
src/pages/DoctorAppointmentsScreen.tsx(110,7): error TS2322: Type '{ children: Element; title: string; showBack: true; onBackClick: () => void; className: string; }' is not assignable to type 'IntrinsicAttributes & ScreenContainerProps'.
  Property 'onBackClick' does not exist on type 'IntrinsicAttributes & ScreenContainerProps'.
src/pages/DoctorConsultationFlow.tsx(8,1): error TS6133: 'Badge' is declared but its value is never read.
src/pages/DoctorConsultationFlow.tsx(12,22): error TS6133: 'Plus' is declared but its value is never read.
src/pages/DoctorConsultationFlow.tsx(12,36): error TS6133: 'CheckCircle' is declared but its value is never read.
src/pages/DoctorConsultationFlow.tsx(13,22): error TS6133: 'Calendar' is declared but its value is never read.
src/pages/DoctorConsultationFlow.tsx(13,32): error TS6133: 'Clock' is declared but its value is never read.
src/pages/DoctorConsultationFlow.tsx(13,39): error TS6133: 'AlertCircle' is declared but its value is never read.
src/pages/DoctorConsultationFlow.tsx(19,9): error TS6133: 'navigate' is declared but its value is never read.
src/pages/DoctorHistoryScreen.tsx(366,9): error TS2322: Type '{ children: Element; title: string; showBack: true; onBackClick: () => void; }' is not assignable to type 'IntrinsicAttributes & ScreenContainerProps'.
  Property 'onBackClick' does not exist on type 'IntrinsicAttributes & ScreenContainerProps'.
src/pages/DoctorReviewReportsScreen.tsx(76,57): error TS2322: Type '{ children: Element; title: string; showBack: true; onBackClick: () => void; }' is not assignable to type 'IntrinsicAttributes & ScreenContainerProps'.
  Property 'onBackClick' does not exist on type 'IntrinsicAttributes & ScreenContainerProps'.
src/pages/DoctorSlotAvailabilityScreen.tsx(2,10): error TS6133: 'Calendar' is declared but its value is never read.
src/pages/DoctorSlotAvailabilityScreen.tsx(2,20): error TS6133: 'Clock' is declared but its value is never read.
src/pages/DoctorSlotAvailabilityScreen.tsx(2,33): error TS6133: 'CheckCircle' is declared but its value is never read.
src/pages/DoctorSlotAvailabilityScreen.tsx(5,1): error TS6133: 'Badge' is declared but its value is never read.
src/pages/DoctorSlotAvailabilityScreen.tsx(6,1): error TS6133: 'socketService' is declared but its value is never read.
src/pages/DoctorVideoCallScreen.tsx(144,22): error TS2322: Type '{ children: Element[]; noScroll: true; className: string; }' is not assignable to type 'IntrinsicAttributes & ScreenContainerProps'.
  Property 'noScroll' does not exist on type 'IntrinsicAttributes & ScreenContainerProps'.
src/pages/EmergencyHelpScreen.tsx(263,41): error TS2322: Type '{ children: string; variant: "ghost"; size: string; className: string; onClick: () => void; }' is not assignable to type 'IntrinsicAttributes & ButtonProps'.
  Property 'size' does not exist on type 'IntrinsicAttributes & ButtonProps'.
src/pages/GetStartedScreen.tsx(1,1): error TS6133: 'React' is declared but its value is never read.
src/pages/HelpSupportScreen.tsx(1,1): error TS6133: 'React' is declared but its value is never read.
src/pages/HelpSupportScreen.tsx(81,19): error TS2322: Type '{ children: string; size: string; className: string; }' is not assignable to type 'IntrinsicAttributes & ButtonProps'.
  Property 'size' does not exist on type 'IntrinsicAttributes & ButtonProps'.
src/pages/MedicalRecordsVault.tsx(178,7): error TS2322: Type '{ children: Element; title: string; showBack: true; actions: Element; }' is not assignable to type 'IntrinsicAttributes & ScreenContainerProps'.
  Property 'actions' does not exist on type 'IntrinsicAttributes & ScreenContainerProps'.
src/pages/MedicationRemindersScreen.tsx(1,8): error TS6133: 'React' is declared but its value is never read.
src/pages/MedicationRemindersScreen.tsx(89,7): error TS2322: Type '{ children: Element[]; title: string; showBack: true; actions: Element; }' is not assignable to type 'IntrinsicAttributes & ScreenContainerProps'.
  Property 'actions' does not exist on type 'IntrinsicAttributes & ScreenContainerProps'.
src/pages/MissedAppointmentScreen.tsx(1,1): error TS6133: 'React' is declared but its value is never read.
src/pages/MissedAppointmentScreen.tsx(10,43): error TS2322: Type '{ children: Element; className: string; noScroll: true; }' is not assignable to type 'IntrinsicAttributes & ScreenContainerProps'.
  Property 'noScroll' does not exist on type 'IntrinsicAttributes & ScreenContainerProps'.
src/pages/NotificationCenterScreen.tsx(1,8): error TS6133: 'React' is declared but its value is never read.
src/pages/NotificationCenterScreen.tsx(3,3): error TS6133: 'Bell' is declared but its value is never read.
src/pages/NotificationCenterScreen.tsx(8,3): error TS6133: 'Check' is declared but its value is never read.
src/pages/NotificationCenterScreen.tsx(87,7): error TS2322: Type '{ children: Element; title: string; showBack: true; actions: Element; }' is not assignable to type 'IntrinsicAttributes & ScreenContainerProps'.
  Property 'actions' does not exist on type 'IntrinsicAttributes & ScreenContainerProps'.
src/pages/NotificationSettingsScreen.tsx(1,8): error TS6133: 'React' is declared but its value is never read.
src/pages/OnboardingScreen.tsx(1,8): error TS6133: 'React' is declared but its value is never read.
src/pages/OnboardingScreen.tsx(1,27): error TS6133: 'Component' is declared but its value is never read.
src/pages/PatientConsultationFlow.tsx(8,1): error TS6133: 'Badge' is declared but its value is never read.
src/pages/PatientConsultationFlow.tsx(13,3): error TS6133: 'CheckCircle' is declared but its value is never read.
src/pages/PatientConsultationFlow.tsx(13,23): error TS6133: 'AlertCircle' is declared but its value is never read.
src/pages/PatientDetailsScreen.tsx(1,1): error TS6133: 'React' is declared but its value is never read.
src/pages/PatientDetailsScreen.tsx(4,3): error TS6133: 'User' is declared but its value is never read.
src/pages/PatientDetailsScreen.tsx(5,3): error TS6133: 'Calendar' is declared but its value is never read.
src/pages/PatientDetailsScreen.tsx(9,3): error TS6133: 'Clock' is declared but its value is never read.
src/pages/PatientDetailsScreen.tsx(10,3): error TS6133: 'ChevronRight' is declared but its value is never read.
src/pages/PatientVideoCallScreen.tsx(120,22): error TS2322: Type '{ children: Element[]; noScroll: true; className: string; }' is not assignable to type 'IntrinsicAttributes & ScreenContainerProps'.
  Property 'noScroll' does not exist on type 'IntrinsicAttributes & ScreenContainerProps'.
src/pages/PatientWaitingForPrescriptionScreen.tsx(52,43): error TS2322: Type '{ children: Element; className: string; noScroll: true; }' is not assignable to type 'IntrinsicAttributes & ScreenContainerProps'.
  Property 'noScroll' does not exist on type 'IntrinsicAttributes & ScreenContainerProps'.
src/pages/PaymentsBillingScreen.tsx(1,8): error TS6133: 'React' is declared but its value is never read.
src/pages/PaymentsBillingScreen.tsx(4,3): error TS6133: 'Wallet' is declared but its value is never read.
src/pages/PaymentsBillingScreen.tsx(9,3): error TS6133: 'ChevronRight' is declared but its value is never read.
src/pages/PrescriptionScreen.tsx(1,8): error TS6133: 'React' is declared but its value is never read.
src/pages/PrescriptionScreen.tsx(3,34): error TS6133: 'Calendar' is declared but its value is never read.
src/pages/RateDoctorScreen.tsx(1,8): error TS6133: 'React' is declared but its value is never read.
src/pages/RateDoctorScreen.tsx(5,1): error TS6133: 'Card' is declared but its value is never read.
src/pages/RegistrationScreen.tsx(12,3): error TS6133: 'FileText' is declared but its value is never read.
src/pages/SessionSummaryScreen.tsx(1,1): error TS6133: 'React' is declared but its value is never read.
src/pages/SessionSummaryScreen.tsx(20,43): error TS2322: Type '{ children: Element; className: string; noScroll: true; }' is not assignable to type 'IntrinsicAttributes & ScreenContainerProps'.
  Property 'noScroll' does not exist on type 'IntrinsicAttributes & ScreenContainerProps'.
src/pages/SplashScreen.tsx(1,8): error TS6133: 'React' is declared but its value is never read.
src/pages/SymptomCheckerScreen.tsx(1,8): error TS6133: 'React' is declared but its value is never read.
src/services/agoraRTCService.ts(13,20): error TS6133: 'appId' is declared but its value is never read.
